Performing C SOURCE FILE Test CMAKE_HAVE_LIBC_PTHREAD failed with the following output:
Change Dir: /home/usr/data/ccmslam_ws/build/ccmslam_msgs/CMakeFiles/CMakeTmp

Run Build Command(s):/usr/bin/make cmTC_d94fe/fast && /usr/bin/make -f CMakeFiles/cmTC_d94fe.dir/build.make CMakeFiles/cmTC_d94fe.dir/build
make[1]: Entering directory '/home/usr/data/ccmslam_ws/build/ccmslam_msgs/CMakeFiles/CMakeTmp'
Building C object CMakeFiles/cmTC_d94fe.dir/src.c.o
/usr/lib/ccache/cc   -DCMAKE_HAVE_LIBC_PTHREAD   -o CMakeFiles/cmTC_d94fe.dir/src.c.o   -c /home/usr/data/ccmslam_ws/build/ccmslam_msgs/CMakeFiles/CMakeTmp/src.c
Linking C executable cmTC_d94fe
/usr/bin/cmake -E cmake_link_script CMakeFiles/cmTC_d94fe.dir/link.txt --verbose=1
/usr/lib/ccache/cc  -DCMAKE_HAVE_LIBC_PTHREAD    -rdynamic CMakeFiles/cmTC_d94fe.dir/src.c.o  -o cmTC_d94fe 
/usr/bin/ld: CMakeFiles/cmTC_d94fe.dir/src.c.o: in function `main':
src.c:(.text+0x46): undefined reference to `pthread_create'
/usr/bin/ld: src.c:(.text+0x52): undefined reference to `pthread_detach'
/usr/bin/ld: src.c:(.text+0x63): undefined reference to `pthread_join'
collect2: error: ld returned 1 exit status
make[1]: *** [CMakeFiles/cmTC_d94fe.dir/build.make:87: cmTC_d94fe] Error 1
make[1]: Leaving directory '/home/usr/data/ccmslam_ws/build/ccmslam_msgs/CMakeFiles/CMakeTmp'
make: *** [Makefile:121: cmTC_d94fe/fast] Error 2


Source file was:
#include <pthread.h>

void* test_func(void* data)
{
  return data;
}

int main(void)
{
  pthread_t thread;
  pthread_create(&thread, NULL, test_func, NULL);
  pthread_detach(thread);
  pthread_join(thread, NULL);
  pthread_atfork(NULL, NULL, NULL);
  pthread_exit(NULL);

  return 0;
}

Determining if the function pthread_create exists in the pthreads failed with the following output:
Change Dir: /home/usr/data/ccmslam_ws/build/ccmslam_msgs/CMakeFiles/CMakeTmp

Run Build Command(s):/usr/bin/make cmTC_76727/fast && /usr/bin/make -f CMakeFiles/cmTC_76727.dir/build.make CMakeFiles/cmTC_76727.dir/build
make[1]: Entering directory '/home/usr/data/ccmslam_ws/build/ccmslam_msgs/CMakeFiles/CMakeTmp'
Building C object CMakeFiles/cmTC_76727.dir/CheckFunctionExists.c.o
/usr/lib/ccache/cc   -DCHECK_FUNCTION_EXISTS=pthread_create   -o CMakeFiles/cmTC_76727.dir/CheckFunctionExists.c.o   -c /usr/share/cmake-3.16/Modules/CheckFunctionExists.c
Linking C executable cmTC_76727
/usr/bin/cmake -E cmake_link_script CMakeFiles/cmTC_76727.dir/link.txt --verbose=1
/usr/lib/ccache/cc  -DCHECK_FUNCTION_EXISTS=pthread_create    -rdynamic CMakeFiles/cmTC_76727.dir/CheckFunctionExists.c.o  -o cmTC_76727  -lpthreads 
/usr/bin/ld: cannot find -lpthreads
collect2: error: ld returned 1 exit status
make[1]: *** [CMakeFiles/cmTC_76727.dir/build.make:87: cmTC_76727] Error 1
make[1]: Leaving directory '/home/usr/data/ccmslam_ws/build/ccmslam_msgs/CMakeFiles/CMakeTmp'
make: *** [Makefile:121: cmTC_76727/fast] Error 2



