running egg_info
creating ../../build/merge_map/merge_map.egg-info
writing ../../build/merge_map/merge_map.egg-info/PKG-INFO
writing dependency_links to ../../build/merge_map/merge_map.egg-info/dependency_links.txt
writing entry points to ../../build/merge_map/merge_map.egg-info/entry_points.txt
writing requirements to ../../build/merge_map/merge_map.egg-info/requires.txt
writing top-level names to ../../build/merge_map/merge_map.egg-info/top_level.txt
writing manifest file '../../build/merge_map/merge_map.egg-info/SOURCES.txt'
reading manifest file '../../build/merge_map/merge_map.egg-info/SOURCES.txt'
writing manifest file '../../build/merge_map/merge_map.egg-info/SOURCES.txt'
running build
running build_py
creating /home/usr/data/ros2_ws/src/map_merging_node/build/merge_map/build
creating /home/usr/data/ros2_ws/src/map_merging_node/build/merge_map/build/lib
creating /home/usr/data/ros2_ws/src/map_merging_node/build/merge_map/build/lib/merge_map
copying merge_map/merge_map.py -> /home/usr/data/ros2_ws/src/map_merging_node/build/merge_map/build/lib/merge_map
copying merge_map/__init__.py -> /home/usr/data/ros2_ws/src/map_merging_node/build/merge_map/build/lib/merge_map
running install
/home/usr/.local/lib/python3.8/site-packages/setuptools/command/install.py:34: SetuptoolsDeprecationWarning: setup.py install is deprecated. Use build and pip and other standards-based tools.
  warnings.warn(
running install_lib
creating /home/usr/data/ros2_ws/src/map_merging_node/install/merge_map/lib/python3.8/site-packages/merge_map
copying /home/usr/data/ros2_ws/src/map_merging_node/build/merge_map/build/lib/merge_map/merge_map.py -> /home/usr/data/ros2_ws/src/map_merging_node/install/merge_map/lib/python3.8/site-packages/merge_map
copying /home/usr/data/ros2_ws/src/map_merging_node/build/merge_map/build/lib/merge_map/__init__.py -> /home/usr/data/ros2_ws/src/map_merging_node/install/merge_map/lib/python3.8/site-packages/merge_map
byte-compiling /home/usr/data/ros2_ws/src/map_merging_node/install/merge_map/lib/python3.8/site-packages/merge_map/merge_map.py to merge_map.cpython-38.pyc
byte-compiling /home/usr/data/ros2_ws/src/map_merging_node/install/merge_map/lib/python3.8/site-packages/merge_map/__init__.py to __init__.cpython-38.pyc
running install_data
creating /home/usr/data/ros2_ws/src/map_merging_node/install/merge_map/share/ament_index
creating /home/usr/data/ros2_ws/src/map_merging_node/install/merge_map/share/ament_index/resource_index
creating /home/usr/data/ros2_ws/src/map_merging_node/install/merge_map/share/ament_index/resource_index/packages
copying resource/merge_map -> /home/usr/data/ros2_ws/src/map_merging_node/install/merge_map/share/ament_index/resource_index/packages
copying package.xml -> /home/usr/data/ros2_ws/src/map_merging_node/install/merge_map/share/merge_map
creating /home/usr/data/ros2_ws/src/map_merging_node/install/merge_map/share/merge_map/launch
copying launch/merge_map_launch.py -> /home/usr/data/ros2_ws/src/map_merging_node/install/merge_map/share/merge_map/launch
creating /home/usr/data/ros2_ws/src/map_merging_node/install/merge_map/share/merge_map/config
copying config/merge_map.rviz -> /home/usr/data/ros2_ws/src/map_merging_node/install/merge_map/share/merge_map/config
running install_egg_info
Copying ../../build/merge_map/merge_map.egg-info to /home/usr/data/ros2_ws/src/map_merging_node/install/merge_map/lib/python3.8/site-packages/merge_map-0.0.0-py3.8.egg-info
running install_scripts
Installing merge_map script to /home/usr/data/ros2_ws/src/map_merging_node/install/merge_map/lib/merge_map
writing list of installed files to '/home/usr/data/ros2_ws/src/map_merging_node/build/merge_map/install.log'
