Symlinking /home/usr/data/ccmslam_ws/devel/share/roseus/ros/ccmslam/manifest.l
Symlinking /home/usr/data/ccmslam_ws/devel/share/roseus/ros/ccmslam/srv/ServiceSaveMap.l
Symlinking /home/usr/data/ccmslam_ws/devel/share/common-lisp/ros/ccmslam/srv/ccmslam-srv.asd
Symlinking /home/usr/data/ccmslam_ws/devel/share/common-lisp/ros/ccmslam/srv/ServiceSaveMap.lisp
Symlinking /home/usr/data/ccmslam_ws/devel/share/common-lisp/ros/ccmslam/srv/_package.lisp
Symlinking /home/usr/data/ccmslam_ws/devel/share/common-lisp/ros/ccmslam/srv/_package_ServiceSaveMap.lisp
Symlinking /home/usr/data/ccmslam_ws/devel/share/ccmslam/cmake/ccmslam-msg-paths.cmake
Symlinking /home/usr/data/ccmslam_ws/devel/share/ccmslam/cmake/ccmslam-msg-extras.cmake
Symlinking /home/usr/data/ccmslam_ws/devel/share/ccmslam/cmake/ccmslamConfig-version.cmake
Symlinking /home/usr/data/ccmslam_ws/devel/share/ccmslam/cmake/ccmslamConfig.cmake
Symlinking /home/usr/data/ccmslam_ws/devel/share/gennodejs/ros/ccmslam/_index.js
Symlinking /home/usr/data/ccmslam_ws/devel/share/gennodejs/ros/ccmslam/srv/_index.js
Symlinking /home/usr/data/ccmslam_ws/devel/share/gennodejs/ros/ccmslam/srv/ServiceSaveMap.js
Symlinking /home/usr/data/ccmslam_ws/devel/include/ccmslam/ServiceSaveMapRequest.h
Symlinking /home/usr/data/ccmslam_ws/devel/include/ccmslam/ServiceSaveMapResponse.h
Symlinking /home/usr/data/ccmslam_ws/devel/include/ccmslam/ServiceSaveMap.h
Symlinking /home/usr/data/ccmslam_ws/devel/lib/libccmslam_lib.so
Symlinking /home/usr/data/ccmslam_ws/devel/lib/pkgconfig/ccmslam.pc
Symlinking /home/usr/data/ccmslam_ws/devel/lib/python3/dist-packages/ccmslam/__init__.py
Symlinking /home/usr/data/ccmslam_ws/devel/lib/python3/dist-packages/ccmslam/srv/_ServiceSaveMap.py
Symlinking /home/usr/data/ccmslam_ws/devel/lib/python3/dist-packages/ccmslam/srv/__init__.py
Symlinking /home/usr/data/ccmslam_ws/devel/lib/ccmslam/ccmslamClientNode
Symlinking /home/usr/data/ccmslam_ws/devel/lib/ccmslam/ccmslamServerNode
