Linked: (/home/usr/data/ccmslam_ws/devel/.private/ccmslam/share/roseus/ros/ccmslam/manifest.l, /home/usr/data/ccmslam_ws/devel/share/roseus/ros/ccmslam/manifest.l)
Linked: (/home/usr/data/ccmslam_ws/devel/.private/ccmslam/share/roseus/ros/ccmslam/srv/ServiceSaveMap.l, /home/usr/data/ccmslam_ws/devel/share/roseus/ros/ccmslam/srv/ServiceSaveMap.l)
Linked: (/home/usr/data/ccmslam_ws/devel/.private/ccmslam/share/common-lisp/ros/ccmslam/srv/ccmslam-srv.asd, /home/usr/data/ccmslam_ws/devel/share/common-lisp/ros/ccmslam/srv/ccmslam-srv.asd)
Linked: (/home/usr/data/ccmslam_ws/devel/.private/ccmslam/share/common-lisp/ros/ccmslam/srv/ServiceSaveMap.lisp, /home/usr/data/ccmslam_ws/devel/share/common-lisp/ros/ccmslam/srv/ServiceSaveMap.lisp)
Linked: (/home/usr/data/ccmslam_ws/devel/.private/ccmslam/share/common-lisp/ros/ccmslam/srv/_package.lisp, /home/usr/data/ccmslam_ws/devel/share/common-lisp/ros/ccmslam/srv/_package.lisp)
Linked: (/home/usr/data/ccmslam_ws/devel/.private/ccmslam/share/common-lisp/ros/ccmslam/srv/_package_ServiceSaveMap.lisp, /home/usr/data/ccmslam_ws/devel/share/common-lisp/ros/ccmslam/srv/_package_ServiceSaveMap.lisp)
Linked: (/home/usr/data/ccmslam_ws/devel/.private/ccmslam/share/ccmslam/cmake/ccmslam-msg-paths.cmake, /home/usr/data/ccmslam_ws/devel/share/ccmslam/cmake/ccmslam-msg-paths.cmake)
Linked: (/home/usr/data/ccmslam_ws/devel/.private/ccmslam/share/ccmslam/cmake/ccmslam-msg-extras.cmake, /home/usr/data/ccmslam_ws/devel/share/ccmslam/cmake/ccmslam-msg-extras.cmake)
Linked: (/home/usr/data/ccmslam_ws/devel/.private/ccmslam/share/ccmslam/cmake/ccmslamConfig-version.cmake, /home/usr/data/ccmslam_ws/devel/share/ccmslam/cmake/ccmslamConfig-version.cmake)
Linked: (/home/usr/data/ccmslam_ws/devel/.private/ccmslam/share/ccmslam/cmake/ccmslamConfig.cmake, /home/usr/data/ccmslam_ws/devel/share/ccmslam/cmake/ccmslamConfig.cmake)
Linked: (/home/usr/data/ccmslam_ws/devel/.private/ccmslam/share/gennodejs/ros/ccmslam/_index.js, /home/usr/data/ccmslam_ws/devel/share/gennodejs/ros/ccmslam/_index.js)
Linked: (/home/usr/data/ccmslam_ws/devel/.private/ccmslam/share/gennodejs/ros/ccmslam/srv/_index.js, /home/usr/data/ccmslam_ws/devel/share/gennodejs/ros/ccmslam/srv/_index.js)
Linked: (/home/usr/data/ccmslam_ws/devel/.private/ccmslam/share/gennodejs/ros/ccmslam/srv/ServiceSaveMap.js, /home/usr/data/ccmslam_ws/devel/share/gennodejs/ros/ccmslam/srv/ServiceSaveMap.js)
Linked: (/home/usr/data/ccmslam_ws/devel/.private/ccmslam/include/ccmslam/ServiceSaveMapRequest.h, /home/usr/data/ccmslam_ws/devel/include/ccmslam/ServiceSaveMapRequest.h)
Linked: (/home/usr/data/ccmslam_ws/devel/.private/ccmslam/include/ccmslam/ServiceSaveMapResponse.h, /home/usr/data/ccmslam_ws/devel/include/ccmslam/ServiceSaveMapResponse.h)
Linked: (/home/usr/data/ccmslam_ws/devel/.private/ccmslam/include/ccmslam/ServiceSaveMap.h, /home/usr/data/ccmslam_ws/devel/include/ccmslam/ServiceSaveMap.h)
Linked: (/home/usr/data/ccmslam_ws/devel/.private/ccmslam/lib/libccmslam_lib.so, /home/usr/data/ccmslam_ws/devel/lib/libccmslam_lib.so)
Linked: (/home/usr/data/ccmslam_ws/devel/.private/ccmslam/lib/pkgconfig/ccmslam.pc, /home/usr/data/ccmslam_ws/devel/lib/pkgconfig/ccmslam.pc)
Linked: (/home/usr/data/ccmslam_ws/devel/.private/ccmslam/lib/python3/dist-packages/ccmslam/__init__.py, /home/usr/data/ccmslam_ws/devel/lib/python3/dist-packages/ccmslam/__init__.py)
Linked: (/home/usr/data/ccmslam_ws/devel/.private/ccmslam/lib/python3/dist-packages/ccmslam/srv/_ServiceSaveMap.py, /home/usr/data/ccmslam_ws/devel/lib/python3/dist-packages/ccmslam/srv/_ServiceSaveMap.py)
Linked: (/home/usr/data/ccmslam_ws/devel/.private/ccmslam/lib/python3/dist-packages/ccmslam/srv/__init__.py, /home/usr/data/ccmslam_ws/devel/lib/python3/dist-packages/ccmslam/srv/__init__.py)
Linked: (/home/usr/data/ccmslam_ws/devel/.private/ccmslam/lib/ccmslam/ccmslamClientNode, /home/usr/data/ccmslam_ws/devel/lib/ccmslam/ccmslamClientNode)
Linked: (/home/usr/data/ccmslam_ws/devel/.private/ccmslam/lib/ccmslam/ccmslamServerNode, /home/usr/data/ccmslam_ws/devel/lib/ccmslam/ccmslamServerNode)
